// Jest Snapshot v1, https://goo.gl/fbAQLP

exports[`renders a Flixgrid component 1`] = `
<table
  className="flixgrid-table"
>
  <tbody>
    <tr
      className="flixgrid-tr "
    >
      <td
        className="flixgrid-td-empty"
        colSpan={undefined}
      >
        No data
      </td>
    </tr>
  </tbody>
</table>
`;
