// Jest Snapshot v1, https://goo.gl/fbAQLP

exports[`renders a Root component 1`] = `
<div
  className="wrapper"
>
  <table
    className="flixgrid-table"
  >
    <thead>
      <tr
        className="false flixgrid-thead"
      >
        <td>
          Title
           
          <button
            className="sort-ascending btn btn-ghost "
            disabled={false}
            onClick={[Function]}
          >
            ▲
          </button>
           
          <button
            className="sort-descending btn btn-ghost "
            disabled={false}
            onClick={[Function]}
          >
            ▼
          </button>
           
          <input
            className="filter"
            onChange={[Function]}
            placeholder="Filter on title"
            type="text"
          />
        </td>
        <td>
          Release Year
           
          <button
            className="sort-ascending btn btn-ghost "
            disabled={false}
            onClick={[Function]}
          >
            ▲
          </button>
           
          <button
            className="sort-descending btn btn-ghost "
            disabled={false}
            onClick={[Function]}
          >
            ▼
          </button>
           
          <input
            className="filter"
            onChange={[Function]}
            placeholder="Filter on release year"
            type="text"
          />
        </td>
        <td>
          Rating
           
          <button
            className="sort-ascending btn btn-ghost "
            disabled={false}
            onClick={[Function]}
          >
            ▲
          </button>
           
          <button
            className="sort-descending btn btn-ghost "
            disabled={false}
            onClick={[Function]}
          >
            ▼
          </button>
           
          <input
            className="filter"
            onChange={[Function]}
            placeholder="Filter on rating"
            type="text"
          />
        </td>
        <td>
          Genre
           
          <button
            className="sort-ascending btn btn-ghost "
            disabled={false}
            onClick={[Function]}
          >
            ▲
          </button>
           
          <button
            className="sort-descending btn btn-ghost "
            disabled={false}
            onClick={[Function]}
          >
            ▼
          </button>
           
          <input
            className="filter"
            onChange={[Function]}
            placeholder="Filter on genre"
            type="text"
          />
        </td>
      </tr>
    </thead>
    <tbody>
      <tr
        className="flixgrid-tr "
      >
        <td
          className="flixgrid-td-empty"
          colSpan={4}
        >
          No data
        </td>
      </tr>
    </tbody>
  </table>
</div>
`;
